{
  - host: hexlet.io
  + host: [hexlet.io, hexlet.io]
    timeout: 20
    verbose: true
}